git solutions
=================================================================

C:\Users\rukulkar\Desktop\10-20>git push
fatal: No configured push destination.
Either specify the URL from the command-line or configure a remote repository using

    git remote add <name> <url>

and then push using the remote name

    git push <name>


C:\Users\rukulkar\Desktop\10-20>git remote add ragini-microservice https://github.com/RaginiKulkarni14/Service-Bus-Queue

C:\Users\rukulkar\Desktop\10-20>git remote add ragini-microservice https://github.com/RaginiKulkarni14/Service-Bus-Queue
fatal: remote ragini-microservice already exists.

C:\Users\rukulkar\Desktop\10-20>git push ragini-microservice
fatal: The current branch ragini-microservice has no upstream branch.
To push the current branch and set the remote as upstream, use

    git push --set-upstream ragini-microservice ragini-microservice


C:\Users\rukulkar\Desktop\10-20>git push --set-upstream master ragini-microservice
fatal: 'master' does not appear to be a git repository
fatal: Could not read from remote repository.

Please make sure you have the correct access rights
and the repository exists.

C:\Users\rukulkar\Desktop\10-20>git push --set-upstream https://github.com/RaginiKulkarni14/Service-Bus-Queue ragini-microservice

===============================================================================

C:\Users\rukulkar\Desktop\10-20>git push
To https://github.com/RaginiKulkarni14/Service-Bus-Queue
 ! [rejected]        ragini-microservice -> ragini-microservice (fetch first)
error: failed to push some refs to 'https://github.com/RaginiKulkarni14/Service-Bus-Queue'
hint: Updates were rejected because the remote contains work that you do
hint: not have locally. This is usually caused by another repository pushing
hint: to the same ref. You may want to first integrate the remote changes
hint: (e.g., 'git pull ...') before pushing again.
hint: See the 'Note about fast-forwards' in 'git push --help' for details.

C:\Users\rukulkar\Desktop\10-20>git pull
remote: Enumerating objects: 3, done.
remote: Counting objects: 100% (3/3), done.
remote: Compressing objects: 100% (2/2), done.
remote: Total 2 (delta 1), reused 0 (delta 0), pack-reused 0
Unpacking objects: 100% (2/2), 605 bytes | 30.00 KiB/s, done.
From https://github.com/RaginiKulkarni14/Service-Bus-Queue
 * branch            ragini-microservice -> FETCH_HEAD
Merge made by the 'recursive' strategy.

==================================================================================
git@github.com:RaginiKulkarni14/Coding-repository.git

…or create a new repository on the command line
echo "# Coding-repository" >> README.md
git init
git add README.md
git commit -m "first commit"
git branch -M main
git remote add origin git@github.com:RaginiKulkarni14/Coding-repository.git
git push -u origin main

…or push an existing repository from the command line
git remote add origin git@github.com:RaginiKulkarni14/Coding-repository.git
git branch -M main
git push -u origin main

===================================================================================

remote: Support for password authentication was removed on August 13, 2021. Please use a personal access token instead.
remote: Please see https://github.blog/2020-12-15-token-authentication-requirements-for-git-operations/ for more information.
https://stackoverflow.com/questions/68775869/support-for-password-authentication-was-removed-please-use-a-personal-access-to


1)  Create Personal Access Token on GitHub

    From your GitHub account, go to Settings => Developer Settings => Personal Access Token => Generate New Token (Give your password) => Fillup the form => click Generate token => Copy the generated Token, it will be something like ghp_sFhFsSHhTzMDreGRLjmks4Tzuzgthdvfsrta
	
	git remote set-url origin https://<token>@github.com/<username>/<repo>

path(https://github.com/settings/tokens)
Also another way to do solutions-----------------------------------


2)   For Windows OS ⤴

    Go to Credential Manager from Control Panel => Windows Credentials => find git:https://github.com => Edit => On Password replace with with your GitHub Personal Access Token => You are Done

    If you don’t find git:https://github.com => Click on Add a generic credential => Internet address will be git:https://github.com and you need to type in your username and password will be your GitHub Personal Access Token => Click Ok and you are done

